// Jest Snapshot v1, https://goo.gl/fbAQLP

exports[`RatesTable renders table with currency exchange rates 1`] = `
<div>
  <table
    class="sc-bcXHqe iPxklV"
  >
    <thead>
      <tr>
        <th>
          Country
        </th>
        <th>
          Currency
        </th>
        <th>
          Amount
        </th>
        <th>
          Code
        </th>
        <th>
          Rate
        </th>
      </tr>
    </thead>
    <tbody>
      <tr>
        <td>
          Australia
        </td>
        <td>
          dollar
        </td>
        <td>
          1
        </td>
        <td>
          AUD
        </td>
        <td>
          15.831
        </td>
      </tr>
      <tr>
        <td>
          Brazil
        </td>
        <td>
          real
        </td>
        <td>
          1
        </td>
        <td>
          BRL
        </td>
        <td>
          4.395
        </td>
      </tr>
      <tr>
        <td>
          Bulgaria
        </td>
        <td>
          lev
        </td>
        <td>
          1
        </td>
        <td>
          BGN
        </td>
        <td>
          12.473
        </td>
      </tr>
      <tr>
        <td>
          Canada
        </td>
        <td>
          dollar
        </td>
        <td>
          1
        </td>
        <td>
          CAD
        </td>
        <td>
          17.559
        </td>
      </tr>
      <tr>
        <td>
          China
        </td>
        <td>
          renminbi
        </td>
        <td>
          1
        </td>
        <td>
          CNY
        </td>
        <td>
          3.278
        </td>
      </tr>
      <tr>
        <td>
          Croatia
        </td>
        <td>
          kuna
        </td>
        <td>
          1
        </td>
        <td>
          HRK
        </td>
        <td>
          3.235
        </td>
      </tr>
      <tr>
        <td>
          Hungary
        </td>
        <td>
          forint
        </td>
        <td>
          100
        </td>
        <td>
          HUF
        </td>
        <td>
          5.923
        </td>
      </tr>
    </tbody>
  </table>
</div>
`;
